
ProgramBound
	StructDefine
		StructField
		FunctionDeclaration
			FunctionHeader
				FunctionArgument
				FunctionArgument
			FunctionBodyBound
				EmptySyntaxNode